[
  {
    "address": "addr1qy65z4nksg07fuwqqan0dept5wpmuq03qk4yd04fzm7zefv6y7mwfu69rcakzew4hrvxn6yl3m528tdcjh8xugfnp7xs5etxyk",
    "transactions": [
      {
        "tx_hash": "f6780212de5df00d10d929d0ca33dc2ff60cc57f38bd2b3cb3b2dea36f0c20b6"
      }
    ]
  },
  {
    "address": "DdzFFzCqrhsi4bNidSbRncmdx7chZikAf28XDXuiC3JQix13DVFen5jmbNutzs6kKirxutiLK99Rdfx6PeXEN9wv8NCsPbemTHhPQPYd",
    "transactions": [
      {
        "tx_hash": "f6780212de5df00d10d929d0ca33dc2ff60cc57f38bd2b3cb3b2dea36f0c20b6"
      }
    ]
  },
  {
    "address": "DdzFFzCqrhsxUkrto5FLAqN23bF7eSWknrG5RmPaWCyKjeJqoDnPmxNfQs3iCcABBS9io9gXFArMXEHrbeEPCBexoPJGqXVTWTpiDRjG",
    "transactions": [
      {
        "tx_hash": "f6780212de5df00d10d929d0ca33dc2ff60cc57f38bd2b3cb3b2dea36f0c20b6"
      }
    ]
  }
]
