[
  {
    "time_created": 1632252357454,
    "time_pinned": 1632260783786,
    "ipfs_hash": "QmWWTSbjJ7MFeLjDnnibybkJiFJ11FZYxgf7Rn2A5Zj94V",
    "state": "pinned",
    "size": "24"
  },
  {
    "time_created": 1634301841660,
    "time_pinned": 1634512069777,
    "ipfs_hash": "QmRFKhzSSRMRTnLf1gRdDbP9PgQxsoXD2QYEHZeBA6gLHn",
    "state": "queued",
    "size": "131"
  }
]
