{
  "address": "addr1qxqs59lphg8g6qndelq8xwqn60ag3aeyfcp33c2kdp46a09re5df3pzwwmyq946axfcejy5n4x0y99wqpgtp2gd0k09qsgy6pz",
  "received_sum": [
    {
      "unit": "lovelace",
      "quantity": "3324671000"
    }
  ],
  "sent_sum": [
    {
      "unit": "lovelace",
      "quantity": "3324671000"
    }
  ],
  "tx_count": 2
}
