{
  "hash": "6d619f41ba2e11b78c0d5647fb71ee5df05622fda1748a9124446226e54e6b50",
  "inputs": [
    {
      "address": "addr1q82aucg0xgdsvzdqtppz35ymw4x7dje2ug9wsvy3an6v47u6msd43ruwsyp6lvfz90thjgtaunfy2ynlk4etz8rn254qd8fxw5",
      "amount": [
        {
          "quantity": "1379280",
          "unit": "lovelace"
        },
        {
          "quantity": "1",
          "unit": "15509d4cb60f066ca4c7e982d764d6ceb4324cb33776d1711da1beee42616279416c69656e3035303637"
        }
      ],
      "output_index": 0,
      "tx_hash": "536a0508eed03408c2d8a7d1820973fc6813a4273c3a1f404aa148421c0084ae"
    },
    {
      "address": "addr1q82aucg0xgdsvzdqtppz35ymw4x7dje2ug9wsvy3an6v47u6msd43ruwsyp6lvfz90thjgtaunfy2ynlk4etz8rn254qd8fxw5",
      "amount": [
        {
          "quantity": "99000000",
          "unit": "lovelace"
        }
      ],
      "output_index": 0,
      "tx_hash": "65e3f1d3950ca82aaaa97bf12184ca199d48c19ea7bcf7dd4a99ce1b6baccdb9"
    }
  ],
  "outputs": [
    {
      "address": "addr1q82kxsz4sxtz7c5wn5keer9y8648knhj8kcpkq99e24qye2q0ka7w7a9lvdxzkvkfzwk0uqmayyaqjllu6d003r5zd9qjrvatz",
      "amount": [
        {
          "quantity": "96330679",
          "unit": "lovelace"
        }
      ]
    },
    {
      "address": "addr1q8c6g5u4grn35hdctcu0mr0yvx3gkdyry08dn7kcdnr7hp0j0a6c9hllaknrxj5hrj2dup0udx3x9ael8stcgw6pk96srye9p5",
      "amount": [
        {
          "quantity": "1379280",
          "unit": "lovelace"
        },
        {
          "quantity": "1",
          "unit": "15509d4cb60f066ca4c7e982d764d6ceb4324cb33776d1711da1beee42616279416c69656e3035303637"
        }
      ]
    },
    {
      "address": "addr1qxq47au29wss4g8acjk0zsmwwq0h34hhzump6stye9wuldm7nm0t6ad3jz9hy5v3smye0nvcumtzu43k7r36ag0w29qqdafvvk",
      "amount": [
        {
          "quantity": "2475000",
          "unit": "lovelace"
        }
      ]
    }
  ]
}
